// Jest Snapshot v1, https://goo.gl/fbAQLP

exports[`PopUpWrapperContent renders snapshots 1`] = `"<div class=\\"ui-provider\\" dir=\\"ltr\\" data-uses-unhanded-props=\\"true\\"><button aria-disabled=\\"false\\" data-aa-class=\\"PopupButton\\" class=\\"ui-button\\" aria-haspopup=\\"dialog\\" data-uses-unhanded-props=\\"true\\"></button></div>"`;
